C:\Users\Administrator\Desktop\database>git remote add origin https://github.com/Anelkad/database-labs.git

C:\Users\Administrator\Desktop\database>git branch -M main

C:\Users\Administrator\Desktop\database>git push -u origin main
error: src refspec main does not match any
error: failed to push some refs to 'https://github.com/Anelkad/database-labs.git'

C:\Users\Administrator\Desktop\database>git push -u origin master
error: src refspec master does not match any
error: failed to push some refs to 'https://github.com/Anelkad/database-labs.git'

C:\Users\Administrator\Desktop\database>git commit -m "initial commit"
On branch main

Initial commit

Untracked files:
  (use "git add <file>..." to include in what will be committed)
        lab 1.pdf

nothing added to commit but untracked files present (use "git add" to track)

C:\Users\Administrator\Desktop\database>git add .

C:\Users\Administrator\Desktop\database>git commit -m "upd"
[main (root-commit) 1f5fb4d] upd
 1 file changed, 0 insertions(+), 0 deletions(-)
 create mode 100644 lab 1.pdf

C:\Users\Administrator\Desktop\database>git push
fatal: The current branch main has no upstream branch.
To push the current branch and set the remote as upstream, use

    git push --set-upstream origin main


C:\Users\Administrator\Desktop\database>git push --set-upstream origin main
Enumerating objects: 3, done.
Counting objects: 100% (3/3), done.
Delta compression using up to 4 threads
Compressing objects: 100% (2/2), done.
Writing objects: 100% (3/3), 30.27 KiB | 7.57 MiB/s, done.
Total 3 (delta 0), reused 0 (delta 0), pack-reused 0
To https://github.com/Anelkad/database-labs.git
 * [new branch]      main -> main
Branch 'main' set up to track remote branch 'main' from 'origin'.

C:\Users\Administrator\Desktop\database>git add .

C:\Users\Administrator\Desktop\database>git commit -m "upd"
On branch main
Your branch is up to date with 'origin/main'.

nothing to commit, working tree clean

C:\Users\Administrator\Desktop\database>git push
Everything up-to-date